CREATE TABLE IF NOT EXISTS players (
    id TEXT PRIMARY KEY,
    resources TEXT NOT NULL -- JSON string for resources map
  );
CREATE TABLE IF NOT EXISTS subjects (
    id TEXT PRIMARY KEY,
    name TEXT NOT NULL,
    sensitivity REAL NOT NULL,
    capacity REAL NOT NULL,
    openness REAL NOT NULL,
    plasticity REAL NOT NULL,
    attitude REAL NOT NULL
  );
CREATE TABLE IF NOT EXISTS subject_point_states (
    subject_id TEXT NOT NULL,
    point_id TEXT NOT NULL,
    local_sensitivity REAL NOT NULL,
    local_attitude REAL NOT NULL,
    PRIMARY KEY (subject_id, point_id)
  );
CREATE TABLE IF NOT EXISTS event_logs (
    id INTEGER PRIMARY KEY AUTOINCREMENT,
    subject_id TEXT NOT NULL,
    timestamp DATETIME DEFAULT CURRENT_TIMESTAMP,
    action_type TEXT NOT NULL,
    action_payload TEXT NOT NULL, -- JSON
    result_payload TEXT NOT NULL  -- JSON
  );
CREATE TABLE IF NOT EXISTS scenes (
    id TEXT PRIMARY KEY,
    available_actions TEXT NOT NULL -- JSON
  );
CREATE TABLE IF NOT EXISTS action_presets (
    id TEXT PRIMARY KEY,
    label TEXT NOT NULL,
    values_json TEXT NOT NULL -- JSON: { intensity, valence, contact, sharpness, novelty }
  );
CREATE TABLE IF NOT EXISTS point_presets (
    id TEXT PRIMARY KEY,
    label TEXT NOT NULL,
    values_json TEXT NOT NULL -- JSON: { localSensitivity, localAttitude }
  );
CREATE TABLE IF NOT EXISTS context_presets (
    id TEXT PRIMARY KEY,
    label TEXT NOT NULL,
    point_id TEXT DEFAULT 'general',
    modifiers_json TEXT NOT NULL -- JSON: Partial<CompiledAction>
  );
CREATE TABLE IF NOT EXISTS active_contexts (
    event_id TEXT NOT NULL,     -- Optional, to bind it to a scene or global state 
    context_id TEXT NOT NULL,
    duration INTEGER DEFAULT -1, -- -1 for infinite
    PRIMARY KEY (event_id, context_id)
  );
[Engine API] Running on http://localhost:3001
[VerbalParser] Analyzing text: "На колени"
[VerbalParser] Model raw output: {
  "intensity": 0.8,
  "valence": -0.2,
  "contact": 0.0,
  "sharpness": 0.9,
  "novelty": 0.5,
  "pointId": "general",
  "intent": "change_context",
  "targetContext": "pose_kneeling"
}
SELECT 1 FROM point_presets WHERE id = 'general'
SELECT * FROM subjects WHERE id = 'S-01'
SELECT * FROM subject_point_states WHERE subject_id = 'S-01' AND point_id = 'general'
SELECT * FROM players WHERE id = 'PL-1'
SELECT * FROM scenes WHERE id = 'lab'
SELECT * FROM event_logs WHERE subject_id = 'S-01' ORDER BY timestamp DESC LIMIT 5.0
SELECT * FROM action_presets WHERE id = 'verbal_pressure'
SELECT context_id FROM active_contexts WHERE event_id = 'lab'
SELECT * FROM subjects WHERE id = 'S-01'

            INSERT INTO subjects (id, name, sensitivity, capacity, openness, plasticity, attitude)
            VALUES ('S-01', 'Test Subject', 59.3216128127943, 51.0, 39.9083403483536, 49.4572902502355, 49.9182701439486)
            ON CONFLICT(id) DO UPDATE SET
                sensitivity = excluded.sensitivity,
                capacity = excluded.capacity,
                openness = excluded.openness,
                plasticity = excluded.plasticity,
                attitude = excluded.attitude
        

            INSERT INTO subject_point_states (subject_id, point_id, local_sensitivity, local_attitude)
            VALUES ('S-01', 'general', 49.2770160159929, 49.8906118440643)
            ON CONFLICT(subject_id, point_id) DO UPDATE SET
                local_sensitivity = excluded.local_sensitivity,
                local_attitude = excluded.local_attitude
        
SELECT label FROM action_presets WHERE id = 'verbal_pressure'
SELECT label FROM point_presets WHERE id = 'general'

            INSERT INTO event_logs (subject_id, action_type, action_payload, result_payload)
            VALUES ('S-01', 'interaction', '{"action":{"intensity":0.8,"vale'/*+564 bytes*/, '{"effectiveSensitivity":56.5,"ef'/*+567 bytes*/)
        
SELECT * FROM subjects WHERE id = 'S-01'
SELECT * FROM subject_point_states WHERE subject_id = 'S-01' AND point_id = 'general'
SELECT * FROM context_presets WHERE id = 'pose_kneeling'
TypeError: Cannot read properties of undefined (reading 'openness')
    at <anonymous> (/home/cyberkitty/Projects/cyberjack/cyberjack-v0.01/src/api/server.ts:69:36)
    at process.processTicksAndRejections (node:internal/process/task_queues:104:5)
